grepfrog